rm fjalar-StaticArraysTest.vgtrace
var trace = {
  "code": "// From the test suite of https://github.com/codespecs/daikon\n//   daikon/tests/kvasir-tests/\n\n#include <stdio.h>\n\nstatic char trueGlobalStaticBuffer[200];\n\nint f(char *arg, char **strings) \n{    \n  return 12;\n}\n\nint b(short oneShort, short* manyShorts)\n{\n  return 42;\n}\n\nint func1(int x) {\n    static char buffer[100];\n    return 3;\n}\n\nint func2(int x) {\n    static char buffer[100];\n    return 4;\n}\n\nint main() \n{\n  char *localStrings[] = {\"apple\", \"banana\", \"carrot\", \"daikon\", \"eggplant\", \"fig\", \"grape\", 0 };\n  static char *staticStrings[] = {\"STATIC apple\", \"STATIC banana\", \"STATIC carrot\", \"STATIC daikon\", \"STATIC eggplant\", \"STATIC fig\", \"STATIC grape\", 0 };\n\n  // Test out shorts because they are 2 bytes long:\n  short localShorts [] = {1, 2, 3, 4, 5, 6, 7, 8, 9, 10, 11};\n  static short staticShorts [] = {101, 102, 103, 104, 105, 106, 107, 108, 109};\n  int i;\n\n  printf(\"staticStrings = %p, staticShorts = %p\\n\", staticStrings, staticShorts);\n\n  f(localStrings[1], localStrings);\n\n  staticStrings[5] = \"MODIFIED STATIC fig\";\n\n  f(staticStrings[1], staticStrings);\n\n  staticStrings[7] = \"MODIFIED STATIC horseradish\";\n\n  b(localShorts[5], localShorts);\n\n  staticShorts[2] = 8192;\n\n  b(staticShorts[5], staticShorts);\n\n  for (i = 0; i < 9; i++)\n    staticShorts[i] = 42;\n\n  return 0;\n}\n", 
  "trace": []
};
