rm string-array.vgtrace
var trace = {
  "code": "#include <stdlib.h>\n\nint main() {\n  char *stack_animals[] = {\n    \"Bear\", \"Cat\", \"Dog\"\n  };\n\n  char** heap_animals = malloc(10 * sizeof(*heap_animals));\n  heap_animals[1] = \"Dolphin\";\n  heap_animals[3] = \"Orca\";\n  heap_animals[5] = \"Whale\";\n\n  return 0;\n}\n", 
  "trace": [
    {
      "event": "step_line", 
      "func_name": "main", 
      "globals": {}, 
      "heap": {}, 
      "line": 3, 
      "ordered_globals": [], 
      "stack_to_render": [
        {
          "encoded_locals": {
            "heap_animals": [
              "C_DATA", 
              "0xFFEFFFF10", 
              "pointer", 
              "<UNINITIALIZED>"
            ], 
            "stack_animals": [
              "C_ARRAY", 
              "0xFFEFFFF18", 
              [
                "C_DATA", 
                "0xFFEFFFF18", 
                "pointer", 
                "<UNINITIALIZED>"
              ], 
              [
                "C_DATA", 
                "0xFFEFFFF20", 
                "pointer", 
                "<UNINITIALIZED>"
              ], 
              [
                "C_DATA", 
                "0xFFEFFFF28", 
                "pointer", 
                "<UNINITIALIZED>"
              ]
            ]
          }, 
          "frame_id": "0xFFEFFFF40", 
          "func_name": "main", 
          "is_highlighted": true, 
          "is_parent": false, 
          "is_zombie": false, 
          "ordered_varnames": [
            "stack_animals", 
            "heap_animals"
          ], 
          "parent_frame_id_list": [], 
          "unique_hash": "main_0xFFEFFFF40"
        }
      ], 
      "stdout": ""
    }, 
    {
      "event": "step_line", 
      "func_name": "main", 
      "globals": {}, 
      "heap": {}, 
      "line": 4, 
      "ordered_globals": [], 
      "stack_to_render": [
        {
          "encoded_locals": {
            "heap_animals": [
              "C_DATA", 
              "0xFFEFFFF18", 
              "pointer", 
              "<UNINITIALIZED>"
            ], 
            "stack_animals": [
              "C_ARRAY", 
              "0xFFEFFFF20", 
              [
                "C_DATA", 
                "0xFFEFFFF20", 
                "pointer", 
                "<UNINITIALIZED>"
              ], 
              [
                "C_DATA", 
                "0xFFEFFFF28", 
                "pointer", 
                "<UNINITIALIZED>"
              ], 
              [
                "C_DATA", 
                "0xFFEFFFF30", 
                "pointer", 
                "<UNINITIALIZED>"
              ]
            ]
          }, 
          "frame_id": "0xFFEFFFF40", 
          "func_name": "main", 
          "is_highlighted": true, 
          "is_parent": false, 
          "is_zombie": false, 
          "ordered_varnames": [
            "stack_animals", 
            "heap_animals"
          ], 
          "parent_frame_id_list": [], 
          "unique_hash": "main_0xFFEFFFF40"
        }
      ], 
      "stdout": ""
    }, 
    {
      "event": "step_line", 
      "func_name": "main", 
      "globals": {}, 
      "heap": {
        "0x400614": [
          "C_ARRAY", 
          "0x400614", 
          [
            "C_DATA", 
            "0x400614", 
            "char", 
            "B"
          ], 
          [
            "C_DATA", 
            "0x400615", 
            "char", 
            "e"
          ], 
          [
            "C_DATA", 
            "0x400616", 
            "char", 
            "a"
          ], 
          [
            "C_DATA", 
            "0x400617", 
            "char", 
            "r"
          ], 
          [
            "C_DATA", 
            "0x400618", 
            "char", 
            "\\0"
          ]
        ], 
        "0x400619": [
          "C_ARRAY", 
          "0x400619", 
          [
            "C_DATA", 
            "0x400619", 
            "char", 
            "C"
          ], 
          [
            "C_DATA", 
            "0x40061A", 
            "char", 
            "a"
          ], 
          [
            "C_DATA", 
            "0x40061B", 
            "char", 
            "t"
          ], 
          [
            "C_DATA", 
            "0x40061C", 
            "char", 
            "\\0"
          ]
        ], 
        "0x40061D": [
          "C_ARRAY", 
          "0x40061D", 
          [
            "C_DATA", 
            "0x40061D", 
            "char", 
            "D"
          ], 
          [
            "C_DATA", 
            "0x40061E", 
            "char", 
            "o"
          ], 
          [
            "C_DATA", 
            "0x40061F", 
            "char", 
            "g"
          ], 
          [
            "C_DATA", 
            "0x400620", 
            "char", 
            "\\0"
          ]
        ]
      }, 
      "line": 8, 
      "ordered_globals": [], 
      "stack_to_render": [
        {
          "encoded_locals": {
            "heap_animals": [
              "C_DATA", 
              "0xFFEFFFF18", 
              "pointer", 
              "<UNINITIALIZED>"
            ], 
            "stack_animals": [
              "C_ARRAY", 
              "0xFFEFFFF20", 
              [
                "C_DATA", 
                "0xFFEFFFF20", 
                "pointer", 
                "0x400614"
              ], 
              [
                "C_DATA", 
                "0xFFEFFFF28", 
                "pointer", 
                "0x400619"
              ], 
              [
                "C_DATA", 
                "0xFFEFFFF30", 
                "pointer", 
                "0x40061D"
              ]
            ]
          }, 
          "frame_id": "0xFFEFFFF40", 
          "func_name": "main", 
          "is_highlighted": true, 
          "is_parent": false, 
          "is_zombie": false, 
          "ordered_varnames": [
            "stack_animals", 
            "heap_animals"
          ], 
          "parent_frame_id_list": [], 
          "unique_hash": "main_0xFFEFFFF40"
        }
      ], 
      "stdout": ""
    }, 
    {
      "event": "step_line", 
      "func_name": "main", 
      "globals": {}, 
      "heap": {
        "0x400614": [
          "C_ARRAY", 
          "0x400614", 
          [
            "C_DATA", 
            "0x400614", 
            "char", 
            "B"
          ], 
          [
            "C_DATA", 
            "0x400615", 
            "char", 
            "e"
          ], 
          [
            "C_DATA", 
            "0x400616", 
            "char", 
            "a"
          ], 
          [
            "C_DATA", 
            "0x400617", 
            "char", 
            "r"
          ], 
          [
            "C_DATA", 
            "0x400618", 
            "char", 
            "\\0"
          ]
        ], 
        "0x400619": [
          "C_ARRAY", 
          "0x400619", 
          [
            "C_DATA", 
            "0x400619", 
            "char", 
            "C"
          ], 
          [
            "C_DATA", 
            "0x40061A", 
            "char", 
            "a"
          ], 
          [
            "C_DATA", 
            "0x40061B", 
            "char", 
            "t"
          ], 
          [
            "C_DATA", 
            "0x40061C", 
            "char", 
            "\\0"
          ]
        ], 
        "0x40061D": [
          "C_ARRAY", 
          "0x40061D", 
          [
            "C_DATA", 
            "0x40061D", 
            "char", 
            "D"
          ], 
          [
            "C_DATA", 
            "0x40061E", 
            "char", 
            "o"
          ], 
          [
            "C_DATA", 
            "0x40061F", 
            "char", 
            "g"
          ], 
          [
            "C_DATA", 
            "0x400620", 
            "char", 
            "\\0"
          ]
        ], 
        "0x51FC040": [
          "C_ARRAY", 
          "0x51FC040", 
          [
            "C_DATA", 
            "0x51FC040", 
            "pointer", 
            "<UNINITIALIZED>"
          ], 
          [
            "C_DATA", 
            "0x51FC048", 
            "pointer", 
            "<UNINITIALIZED>"
          ], 
          [
            "C_DATA", 
            "0x51FC050", 
            "pointer", 
            "<UNINITIALIZED>"
          ], 
          [
            "C_DATA", 
            "0x51FC058", 
            "pointer", 
            "<UNINITIALIZED>"
          ], 
          [
            "C_DATA", 
            "0x51FC060", 
            "pointer", 
            "<UNINITIALIZED>"
          ], 
          [
            "C_DATA", 
            "0x51FC068", 
            "pointer", 
            "<UNINITIALIZED>"
          ], 
          [
            "C_DATA", 
            "0x51FC070", 
            "pointer", 
            "<UNINITIALIZED>"
          ], 
          [
            "C_DATA", 
            "0x51FC078", 
            "pointer", 
            "<UNINITIALIZED>"
          ], 
          [
            "C_DATA", 
            "0x51FC080", 
            "pointer", 
            "<UNINITIALIZED>"
          ], 
          [
            "C_DATA", 
            "0x51FC088", 
            "pointer", 
            "<UNINITIALIZED>"
          ]
        ]
      }, 
      "line": 9, 
      "ordered_globals": [], 
      "stack_to_render": [
        {
          "encoded_locals": {
            "heap_animals": [
              "C_DATA", 
              "0xFFEFFFF18", 
              "pointer", 
              "0x51FC040"
            ], 
            "stack_animals": [
              "C_ARRAY", 
              "0xFFEFFFF20", 
              [
                "C_DATA", 
                "0xFFEFFFF20", 
                "pointer", 
                "0x400614"
              ], 
              [
                "C_DATA", 
                "0xFFEFFFF28", 
                "pointer", 
                "0x400619"
              ], 
              [
                "C_DATA", 
                "0xFFEFFFF30", 
                "pointer", 
                "0x40061D"
              ]
            ]
          }, 
          "frame_id": "0xFFEFFFF40", 
          "func_name": "main", 
          "is_highlighted": true, 
          "is_parent": false, 
          "is_zombie": false, 
          "ordered_varnames": [
            "stack_animals", 
            "heap_animals"
          ], 
          "parent_frame_id_list": [], 
          "unique_hash": "main_0xFFEFFFF40"
        }
      ], 
      "stdout": ""
    }, 
    {
      "event": "step_line", 
      "func_name": "main", 
      "globals": {}, 
      "heap": {
        "0x400614": [
          "C_ARRAY", 
          "0x400614", 
          [
            "C_DATA", 
            "0x400614", 
            "char", 
            "B"
          ], 
          [
            "C_DATA", 
            "0x400615", 
            "char", 
            "e"
          ], 
          [
            "C_DATA", 
            "0x400616", 
            "char", 
            "a"
          ], 
          [
            "C_DATA", 
            "0x400617", 
            "char", 
            "r"
          ], 
          [
            "C_DATA", 
            "0x400618", 
            "char", 
            "\\0"
          ]
        ], 
        "0x400619": [
          "C_ARRAY", 
          "0x400619", 
          [
            "C_DATA", 
            "0x400619", 
            "char", 
            "C"
          ], 
          [
            "C_DATA", 
            "0x40061A", 
            "char", 
            "a"
          ], 
          [
            "C_DATA", 
            "0x40061B", 
            "char", 
            "t"
          ], 
          [
            "C_DATA", 
            "0x40061C", 
            "char", 
            "\\0"
          ]
        ], 
        "0x40061D": [
          "C_ARRAY", 
          "0x40061D", 
          [
            "C_DATA", 
            "0x40061D", 
            "char", 
            "D"
          ], 
          [
            "C_DATA", 
            "0x40061E", 
            "char", 
            "o"
          ], 
          [
            "C_DATA", 
            "0x40061F", 
            "char", 
            "g"
          ], 
          [
            "C_DATA", 
            "0x400620", 
            "char", 
            "\\0"
          ]
        ], 
        "0x400621": [
          "C_ARRAY", 
          "0x400621", 
          [
            "C_DATA", 
            "0x400621", 
            "char", 
            "D"
          ], 
          [
            "C_DATA", 
            "0x400622", 
            "char", 
            "o"
          ], 
          [
            "C_DATA", 
            "0x400623", 
            "char", 
            "l"
          ], 
          [
            "C_DATA", 
            "0x400624", 
            "char", 
            "p"
          ], 
          [
            "C_DATA", 
            "0x400625", 
            "char", 
            "h"
          ], 
          [
            "C_DATA", 
            "0x400626", 
            "char", 
            "i"
          ], 
          [
            "C_DATA", 
            "0x400627", 
            "char", 
            "n"
          ], 
          [
            "C_DATA", 
            "0x400628", 
            "char", 
            "\\0"
          ]
        ], 
        "0x51FC040": [
          "C_ARRAY", 
          "0x51FC040", 
          [
            "C_DATA", 
            "0x51FC040", 
            "pointer", 
            "<UNINITIALIZED>"
          ], 
          [
            "C_DATA", 
            "0x51FC048", 
            "pointer", 
            "0x400621"
          ], 
          [
            "C_DATA", 
            "0x51FC050", 
            "pointer", 
            "<UNINITIALIZED>"
          ], 
          [
            "C_DATA", 
            "0x51FC058", 
            "pointer", 
            "<UNINITIALIZED>"
          ], 
          [
            "C_DATA", 
            "0x51FC060", 
            "pointer", 
            "<UNINITIALIZED>"
          ], 
          [
            "C_DATA", 
            "0x51FC068", 
            "pointer", 
            "<UNINITIALIZED>"
          ], 
          [
            "C_DATA", 
            "0x51FC070", 
            "pointer", 
            "<UNINITIALIZED>"
          ], 
          [
            "C_DATA", 
            "0x51FC078", 
            "pointer", 
            "<UNINITIALIZED>"
          ], 
          [
            "C_DATA", 
            "0x51FC080", 
            "pointer", 
            "<UNINITIALIZED>"
          ], 
          [
            "C_DATA", 
            "0x51FC088", 
            "pointer", 
            "<UNINITIALIZED>"
          ]
        ]
      }, 
      "line": 10, 
      "ordered_globals": [], 
      "stack_to_render": [
        {
          "encoded_locals": {
            "heap_animals": [
              "C_DATA", 
              "0xFFEFFFF18", 
              "pointer", 
              "0x51FC040"
            ], 
            "stack_animals": [
              "C_ARRAY", 
              "0xFFEFFFF20", 
              [
                "C_DATA", 
                "0xFFEFFFF20", 
                "pointer", 
                "0x400614"
              ], 
              [
                "C_DATA", 
                "0xFFEFFFF28", 
                "pointer", 
                "0x400619"
              ], 
              [
                "C_DATA", 
                "0xFFEFFFF30", 
                "pointer", 
                "0x40061D"
              ]
            ]
          }, 
          "frame_id": "0xFFEFFFF40", 
          "func_name": "main", 
          "is_highlighted": true, 
          "is_parent": false, 
          "is_zombie": false, 
          "ordered_varnames": [
            "stack_animals", 
            "heap_animals"
          ], 
          "parent_frame_id_list": [], 
          "unique_hash": "main_0xFFEFFFF40"
        }
      ], 
      "stdout": ""
    }, 
    {
      "event": "step_line", 
      "func_name": "main", 
      "globals": {}, 
      "heap": {
        "0x400614": [
          "C_ARRAY", 
          "0x400614", 
          [
            "C_DATA", 
            "0x400614", 
            "char", 
            "B"
          ], 
          [
            "C_DATA", 
            "0x400615", 
            "char", 
            "e"
          ], 
          [
            "C_DATA", 
            "0x400616", 
            "char", 
            "a"
          ], 
          [
            "C_DATA", 
            "0x400617", 
            "char", 
            "r"
          ], 
          [
            "C_DATA", 
            "0x400618", 
            "char", 
            "\\0"
          ]
        ], 
        "0x400619": [
          "C_ARRAY", 
          "0x400619", 
          [
            "C_DATA", 
            "0x400619", 
            "char", 
            "C"
          ], 
          [
            "C_DATA", 
            "0x40061A", 
            "char", 
            "a"
          ], 
          [
            "C_DATA", 
            "0x40061B", 
            "char", 
            "t"
          ], 
          [
            "C_DATA", 
            "0x40061C", 
            "char", 
            "\\0"
          ]
        ], 
        "0x40061D": [
          "C_ARRAY", 
          "0x40061D", 
          [
            "C_DATA", 
            "0x40061D", 
            "char", 
            "D"
          ], 
          [
            "C_DATA", 
            "0x40061E", 
            "char", 
            "o"
          ], 
          [
            "C_DATA", 
            "0x40061F", 
            "char", 
            "g"
          ], 
          [
            "C_DATA", 
            "0x400620", 
            "char", 
            "\\0"
          ]
        ], 
        "0x400621": [
          "C_ARRAY", 
          "0x400621", 
          [
            "C_DATA", 
            "0x400621", 
            "char", 
            "D"
          ], 
          [
            "C_DATA", 
            "0x400622", 
            "char", 
            "o"
          ], 
          [
            "C_DATA", 
            "0x400623", 
            "char", 
            "l"
          ], 
          [
            "C_DATA", 
            "0x400624", 
            "char", 
            "p"
          ], 
          [
            "C_DATA", 
            "0x400625", 
            "char", 
            "h"
          ], 
          [
            "C_DATA", 
            "0x400626", 
            "char", 
            "i"
          ], 
          [
            "C_DATA", 
            "0x400627", 
            "char", 
            "n"
          ], 
          [
            "C_DATA", 
            "0x400628", 
            "char", 
            "\\0"
          ]
        ], 
        "0x400629": [
          "C_ARRAY", 
          "0x400629", 
          [
            "C_DATA", 
            "0x400629", 
            "char", 
            "O"
          ], 
          [
            "C_DATA", 
            "0x40062A", 
            "char", 
            "r"
          ], 
          [
            "C_DATA", 
            "0x40062B", 
            "char", 
            "c"
          ], 
          [
            "C_DATA", 
            "0x40062C", 
            "char", 
            "a"
          ], 
          [
            "C_DATA", 
            "0x40062D", 
            "char", 
            "\\0"
          ]
        ], 
        "0x51FC040": [
          "C_ARRAY", 
          "0x51FC040", 
          [
            "C_DATA", 
            "0x51FC040", 
            "pointer", 
            "<UNINITIALIZED>"
          ], 
          [
            "C_DATA", 
            "0x51FC048", 
            "pointer", 
            "0x400621"
          ], 
          [
            "C_DATA", 
            "0x51FC050", 
            "pointer", 
            "<UNINITIALIZED>"
          ], 
          [
            "C_DATA", 
            "0x51FC058", 
            "pointer", 
            "0x400629"
          ], 
          [
            "C_DATA", 
            "0x51FC060", 
            "pointer", 
            "<UNINITIALIZED>"
          ], 
          [
            "C_DATA", 
            "0x51FC068", 
            "pointer", 
            "<UNINITIALIZED>"
          ], 
          [
            "C_DATA", 
            "0x51FC070", 
            "pointer", 
            "<UNINITIALIZED>"
          ], 
          [
            "C_DATA", 
            "0x51FC078", 
            "pointer", 
            "<UNINITIALIZED>"
          ], 
          [
            "C_DATA", 
            "0x51FC080", 
            "pointer", 
            "<UNINITIALIZED>"
          ], 
          [
            "C_DATA", 
            "0x51FC088", 
            "pointer", 
            "<UNINITIALIZED>"
          ]
        ]
      }, 
      "line": 11, 
      "ordered_globals": [], 
      "stack_to_render": [
        {
          "encoded_locals": {
            "heap_animals": [
              "C_DATA", 
              "0xFFEFFFF18", 
              "pointer", 
              "0x51FC040"
            ], 
            "stack_animals": [
              "C_ARRAY", 
              "0xFFEFFFF20", 
              [
                "C_DATA", 
                "0xFFEFFFF20", 
                "pointer", 
                "0x400614"
              ], 
              [
                "C_DATA", 
                "0xFFEFFFF28", 
                "pointer", 
                "0x400619"
              ], 
              [
                "C_DATA", 
                "0xFFEFFFF30", 
                "pointer", 
                "0x40061D"
              ]
            ]
          }, 
          "frame_id": "0xFFEFFFF40", 
          "func_name": "main", 
          "is_highlighted": true, 
          "is_parent": false, 
          "is_zombie": false, 
          "ordered_varnames": [
            "stack_animals", 
            "heap_animals"
          ], 
          "parent_frame_id_list": [], 
          "unique_hash": "main_0xFFEFFFF40"
        }
      ], 
      "stdout": ""
    }, 
    {
      "event": "step_line", 
      "func_name": "main", 
      "globals": {}, 
      "heap": {
        "0x400614": [
          "C_ARRAY", 
          "0x400614", 
          [
            "C_DATA", 
            "0x400614", 
            "char", 
            "B"
          ], 
          [
            "C_DATA", 
            "0x400615", 
            "char", 
            "e"
          ], 
          [
            "C_DATA", 
            "0x400616", 
            "char", 
            "a"
          ], 
          [
            "C_DATA", 
            "0x400617", 
            "char", 
            "r"
          ], 
          [
            "C_DATA", 
            "0x400618", 
            "char", 
            "\\0"
          ]
        ], 
        "0x400619": [
          "C_ARRAY", 
          "0x400619", 
          [
            "C_DATA", 
            "0x400619", 
            "char", 
            "C"
          ], 
          [
            "C_DATA", 
            "0x40061A", 
            "char", 
            "a"
          ], 
          [
            "C_DATA", 
            "0x40061B", 
            "char", 
            "t"
          ], 
          [
            "C_DATA", 
            "0x40061C", 
            "char", 
            "\\0"
          ]
        ], 
        "0x40061D": [
          "C_ARRAY", 
          "0x40061D", 
          [
            "C_DATA", 
            "0x40061D", 
            "char", 
            "D"
          ], 
          [
            "C_DATA", 
            "0x40061E", 
            "char", 
            "o"
          ], 
          [
            "C_DATA", 
            "0x40061F", 
            "char", 
            "g"
          ], 
          [
            "C_DATA", 
            "0x400620", 
            "char", 
            "\\0"
          ]
        ], 
        "0x400621": [
          "C_ARRAY", 
          "0x400621", 
          [
            "C_DATA", 
            "0x400621", 
            "char", 
            "D"
          ], 
          [
            "C_DATA", 
            "0x400622", 
            "char", 
            "o"
          ], 
          [
            "C_DATA", 
            "0x400623", 
            "char", 
            "l"
          ], 
          [
            "C_DATA", 
            "0x400624", 
            "char", 
            "p"
          ], 
          [
            "C_DATA", 
            "0x400625", 
            "char", 
            "h"
          ], 
          [
            "C_DATA", 
            "0x400626", 
            "char", 
            "i"
          ], 
          [
            "C_DATA", 
            "0x400627", 
            "char", 
            "n"
          ], 
          [
            "C_DATA", 
            "0x400628", 
            "char", 
            "\\0"
          ]
        ], 
        "0x400629": [
          "C_ARRAY", 
          "0x400629", 
          [
            "C_DATA", 
            "0x400629", 
            "char", 
            "O"
          ], 
          [
            "C_DATA", 
            "0x40062A", 
            "char", 
            "r"
          ], 
          [
            "C_DATA", 
            "0x40062B", 
            "char", 
            "c"
          ], 
          [
            "C_DATA", 
            "0x40062C", 
            "char", 
            "a"
          ], 
          [
            "C_DATA", 
            "0x40062D", 
            "char", 
            "\\0"
          ]
        ], 
        "0x40062E": [
          "C_ARRAY", 
          "0x40062E", 
          [
            "C_DATA", 
            "0x40062E", 
            "char", 
            "W"
          ], 
          [
            "C_DATA", 
            "0x40062F", 
            "char", 
            "h"
          ], 
          [
            "C_DATA", 
            "0x400630", 
            "char", 
            "a"
          ], 
          [
            "C_DATA", 
            "0x400631", 
            "char", 
            "l"
          ], 
          [
            "C_DATA", 
            "0x400632", 
            "char", 
            "e"
          ], 
          [
            "C_DATA", 
            "0x400633", 
            "char", 
            "\\0"
          ]
        ], 
        "0x51FC040": [
          "C_ARRAY", 
          "0x51FC040", 
          [
            "C_DATA", 
            "0x51FC040", 
            "pointer", 
            "<UNINITIALIZED>"
          ], 
          [
            "C_DATA", 
            "0x51FC048", 
            "pointer", 
            "0x400621"
          ], 
          [
            "C_DATA", 
            "0x51FC050", 
            "pointer", 
            "<UNINITIALIZED>"
          ], 
          [
            "C_DATA", 
            "0x51FC058", 
            "pointer", 
            "0x400629"
          ], 
          [
            "C_DATA", 
            "0x51FC060", 
            "pointer", 
            "<UNINITIALIZED>"
          ], 
          [
            "C_DATA", 
            "0x51FC068", 
            "pointer", 
            "0x40062E"
          ], 
          [
            "C_DATA", 
            "0x51FC070", 
            "pointer", 
            "<UNINITIALIZED>"
          ], 
          [
            "C_DATA", 
            "0x51FC078", 
            "pointer", 
            "<UNINITIALIZED>"
          ], 
          [
            "C_DATA", 
            "0x51FC080", 
            "pointer", 
            "<UNINITIALIZED>"
          ], 
          [
            "C_DATA", 
            "0x51FC088", 
            "pointer", 
            "<UNINITIALIZED>"
          ]
        ]
      }, 
      "line": 13, 
      "ordered_globals": [], 
      "stack_to_render": [
        {
          "encoded_locals": {
            "heap_animals": [
              "C_DATA", 
              "0xFFEFFFF18", 
              "pointer", 
              "0x51FC040"
            ], 
            "stack_animals": [
              "C_ARRAY", 
              "0xFFEFFFF20", 
              [
                "C_DATA", 
                "0xFFEFFFF20", 
                "pointer", 
                "0x400614"
              ], 
              [
                "C_DATA", 
                "0xFFEFFFF28", 
                "pointer", 
                "0x400619"
              ], 
              [
                "C_DATA", 
                "0xFFEFFFF30", 
                "pointer", 
                "0x40061D"
              ]
            ]
          }, 
          "frame_id": "0xFFEFFFF40", 
          "func_name": "main", 
          "is_highlighted": true, 
          "is_parent": false, 
          "is_zombie": false, 
          "ordered_varnames": [
            "stack_animals", 
            "heap_animals"
          ], 
          "parent_frame_id_list": [], 
          "unique_hash": "main_0xFFEFFFF40"
        }
      ], 
      "stdout": ""
    }, 
    {
      "event": "return", 
      "func_name": "main", 
      "globals": {}, 
      "heap": {
        "0x400614": [
          "C_ARRAY", 
          "0x400614", 
          [
            "C_DATA", 
            "0x400614", 
            "char", 
            "B"
          ], 
          [
            "C_DATA", 
            "0x400615", 
            "char", 
            "e"
          ], 
          [
            "C_DATA", 
            "0x400616", 
            "char", 
            "a"
          ], 
          [
            "C_DATA", 
            "0x400617", 
            "char", 
            "r"
          ], 
          [
            "C_DATA", 
            "0x400618", 
            "char", 
            "\\0"
          ]
        ], 
        "0x400619": [
          "C_ARRAY", 
          "0x400619", 
          [
            "C_DATA", 
            "0x400619", 
            "char", 
            "C"
          ], 
          [
            "C_DATA", 
            "0x40061A", 
            "char", 
            "a"
          ], 
          [
            "C_DATA", 
            "0x40061B", 
            "char", 
            "t"
          ], 
          [
            "C_DATA", 
            "0x40061C", 
            "char", 
            "\\0"
          ]
        ], 
        "0x40061D": [
          "C_ARRAY", 
          "0x40061D", 
          [
            "C_DATA", 
            "0x40061D", 
            "char", 
            "D"
          ], 
          [
            "C_DATA", 
            "0x40061E", 
            "char", 
            "o"
          ], 
          [
            "C_DATA", 
            "0x40061F", 
            "char", 
            "g"
          ], 
          [
            "C_DATA", 
            "0x400620", 
            "char", 
            "\\0"
          ]
        ], 
        "0x400621": [
          "C_ARRAY", 
          "0x400621", 
          [
            "C_DATA", 
            "0x400621", 
            "char", 
            "D"
          ], 
          [
            "C_DATA", 
            "0x400622", 
            "char", 
            "o"
          ], 
          [
            "C_DATA", 
            "0x400623", 
            "char", 
            "l"
          ], 
          [
            "C_DATA", 
            "0x400624", 
            "char", 
            "p"
          ], 
          [
            "C_DATA", 
            "0x400625", 
            "char", 
            "h"
          ], 
          [
            "C_DATA", 
            "0x400626", 
            "char", 
            "i"
          ], 
          [
            "C_DATA", 
            "0x400627", 
            "char", 
            "n"
          ], 
          [
            "C_DATA", 
            "0x400628", 
            "char", 
            "\\0"
          ]
        ], 
        "0x400629": [
          "C_ARRAY", 
          "0x400629", 
          [
            "C_DATA", 
            "0x400629", 
            "char", 
            "O"
          ], 
          [
            "C_DATA", 
            "0x40062A", 
            "char", 
            "r"
          ], 
          [
            "C_DATA", 
            "0x40062B", 
            "char", 
            "c"
          ], 
          [
            "C_DATA", 
            "0x40062C", 
            "char", 
            "a"
          ], 
          [
            "C_DATA", 
            "0x40062D", 
            "char", 
            "\\0"
          ]
        ], 
        "0x40062E": [
          "C_ARRAY", 
          "0x40062E", 
          [
            "C_DATA", 
            "0x40062E", 
            "char", 
            "W"
          ], 
          [
            "C_DATA", 
            "0x40062F", 
            "char", 
            "h"
          ], 
          [
            "C_DATA", 
            "0x400630", 
            "char", 
            "a"
          ], 
          [
            "C_DATA", 
            "0x400631", 
            "char", 
            "l"
          ], 
          [
            "C_DATA", 
            "0x400632", 
            "char", 
            "e"
          ], 
          [
            "C_DATA", 
            "0x400633", 
            "char", 
            "\\0"
          ]
        ], 
        "0x51FC040": [
          "C_ARRAY", 
          "0x51FC040", 
          [
            "C_DATA", 
            "0x51FC040", 
            "pointer", 
            "<UNINITIALIZED>"
          ], 
          [
            "C_DATA", 
            "0x51FC048", 
            "pointer", 
            "0x400621"
          ], 
          [
            "C_DATA", 
            "0x51FC050", 
            "pointer", 
            "<UNINITIALIZED>"
          ], 
          [
            "C_DATA", 
            "0x51FC058", 
            "pointer", 
            "0x400629"
          ], 
          [
            "C_DATA", 
            "0x51FC060", 
            "pointer", 
            "<UNINITIALIZED>"
          ], 
          [
            "C_DATA", 
            "0x51FC068", 
            "pointer", 
            "0x40062E"
          ], 
          [
            "C_DATA", 
            "0x51FC070", 
            "pointer", 
            "<UNINITIALIZED>"
          ], 
          [
            "C_DATA", 
            "0x51FC078", 
            "pointer", 
            "<UNINITIALIZED>"
          ], 
          [
            "C_DATA", 
            "0x51FC080", 
            "pointer", 
            "<UNINITIALIZED>"
          ], 
          [
            "C_DATA", 
            "0x51FC088", 
            "pointer", 
            "<UNINITIALIZED>"
          ]
        ]
      }, 
      "line": 14, 
      "ordered_globals": [], 
      "stack_to_render": [
        {
          "encoded_locals": {
            "heap_animals": [
              "C_DATA", 
              "0xFFEFFFF18", 
              "pointer", 
              "0x51FC040"
            ], 
            "stack_animals": [
              "C_ARRAY", 
              "0xFFEFFFF20", 
              [
                "C_DATA", 
                "0xFFEFFFF20", 
                "pointer", 
                "0x400614"
              ], 
              [
                "C_DATA", 
                "0xFFEFFFF28", 
                "pointer", 
                "0x400619"
              ], 
              [
                "C_DATA", 
                "0xFFEFFFF30", 
                "pointer", 
                "0x40061D"
              ]
            ]
          }, 
          "frame_id": "0xFFEFFFF40", 
          "func_name": "main", 
          "is_highlighted": true, 
          "is_parent": false, 
          "is_zombie": false, 
          "ordered_varnames": [
            "stack_animals", 
            "heap_animals"
          ], 
          "parent_frame_id_list": [], 
          "unique_hash": "main_0xFFEFFFF40"
        }
      ], 
      "stdout": ""
    }
  ]
};
